// Jest Snapshot v1, https://goo.gl/fbAQLP

exports[`ModuleVisibilityManagerModal renders the modal shell with header and body panel 1`] = `"<div data-testid="error-boundary"><div data-testid="wrapper-container" data-modal-name="divi/module-visibility-manager" data-draggable="true" data-resizable="true" data-expandable="true" data-snappable="true"><header data-testid="modal-header">Module Visibility Manager</header><div data-testid="modal-body"><div data-testid="modal-panel" id="module-visibility-manager" data-opened="true"><div data-testid="module-visibility-list-stub">Module list stub</div></div></div></div></div>"`;
